HI-TECH Software C Compiler 

Linker command line:

--edf=C:\Program Files\HI-TECH Software\PICC\PRO\9.65\dat\en_msgs.txt -cs \
  -h+menu.sym -z -Q16F877A -ol.obj -Mmenu.map -E1 -ACODE=00h-07FFhx4 \
  -ACONST=00h-0FFhx32 -AENTRY=00h-0FFhx32 -ASTRING=00h-0FFhx32 \
  -ARAM=020h-06Fh,0A0h-0EFh,0110h-016Fh,0190h-01EFh \
  -AABS1=020h-07Fh,0A0h-0EFh,0110h-016Fh,0190h-01EFh -ABANK0=020h-07Fh \
  -ABANK1=0A0h-0EFh -ABANK2=0110h-016Fh -ABANK3=0190h-01EFh \
  -ACOMMON=070h-07Fh \
  -preset_vec=00h,intentry=04h,intcode,intret,init,init23,end_init,clrtext,maintext,pstrings \
  -pstrings=CODE -ppowerup=CODE -ptemp=-COMMON -pcommon=-COMMON \
  -prbss_0=BANK0,rbit_0=BANK0,rdata_0=BANK0,idata_0=CODE -pnvram=BANK0 \
  -prbss_1=BANK1,rbit_1=BANK1,rdata_1=BANK1,idata_1=CODE \
  -pnvram_1=BANK1,nvbit_1=BANK1 \
  -prbss_2=BANK2,rbit_2=BANK2,rdata_2=BANK2,idata_2=CODE \
  -pnvram_2=BANK2,nvbit_2=BANK2 \
  -prbss_3=BANK3,rbit_3=BANK3,rdata_3=BANK3,idata_3=CODE \
  -pnvram_3=BANK3,nvbit_3=BANK3 -pidata=CODE -pfnautoc=COMMON \
  -pfnauto0=BANK0 -pfnauto1=BANK1 -pfnauto2=BANK2 -pfnauto3=BANK3 \
  -ACONFIG=02007h-02007h -pconfig=CONFIG -DCONFIG=2 -AIDLOC=02000h-02003h \
  -pidloc=IDLOC -DIDLOC=2 -AEEDATA=00h-0FFh/02100h -peeprom_data=EEDATA \
  -DEEDATA=2 -pfloat_text0=CODE,float_text1=CODE,float_text2=CODE \
  -pfloat_text3=CODE,float_text4=CODE -DCODE=2 startup.obj menu.obj 

Object code version is 3.10

Machine type is 16F877A

Call graph: (short form)




                Name          Link     Load   Length Selector   Space       Scale
startup.obj     clrtext         3C       3C        8       8     0
                end_init        38       38        4       8     0
                init            12       12       26       8     0
                reset_vec        0        0        3       0     0
menu.obj        intentry         4        4        E       8     0
                idata          60F      60F       30       8     0
                strings        700      700       E2       E     0
                maintext        44       44      5CB       8     0
                config        2007     2007        1    400E     0
                intrtext       6B3      6B3       2C       8     0
                text150        916      916        D    122C     0
                text151        923      923       12    1246     0
                text152        6F4      6F4        C       8     0
                text140        B30      B30      1CC    1660     0
                text141        6DF      6DF       15       8     0
                text142        CFC      CFC      304    19F8     0
                text143        9B6      9B6       6F    136C     0
                text147        95B      95B       5B    12B6     0
                text148        63F      63F       74       8     0
                text149        935      935       26    126A     0
                text144        A25      A25      10B    144A     0
                text145        7E2      7E2       15       E     0
                text146        90A      90A        C    1214     0

COMMON          fnauto0         52       52       1C      52     1

TOTAL           Name          Link     Load   Length     Space
        CLASS   CODE           
                intentry         4        4        E     0
                idata          60F      60F       30     0
                clrtext         3C       3C        8     0
                strings        700      700       E2     0
                end_init        38       38        4     0
                init            12       12       26     0
                maintext        44       44      5CB     0
                reset_vec        0        0        3     0
                intrtext       6B3      6B3       2C     0
                text150        916      916        D     0
                text151        923      923       12     0
                text152        6F4      6F4        C     0
                text140        B30      B30      1CC     0
                text141        6DF      6DF       15     0
                text142        CFC      CFC      304     0
                text143        9B6      9B6       6F     0
                text147        95B      95B       5B     0
                text148        63F      63F       74     0
                text149        935      935       26     0
                text144        A25      A25      10B     0
                text145        7E2      7E2       15     0
                text146        90A      90A        C     0

        CLASS   CONST          

        CLASS   ENTRY          

        CLASS   STRING         

        CLASS   RAM            

        CLASS   ABS1           
                abs_s1          40       40       12     1
                abs_s1          70       70       10     1
                abs_s1          C0       C0       30     1

        CLASS   BANK0          
                fnauto0         52       52       1C     1

        CLASS   BANK1          

        CLASS   BANK2          

        CLASS   BANK3          

        CLASS   COMMON         

        CLASS   CONFIG         
                config        2007     2007        1     0

        CLASS   IDLOC          

        CLASS   EEDATA         



SEGMENTS        Name            Load    Length   Top    Selector    Space      Class      Delta

                reset_vec       000000  000003  000003         0       0  CODE        2
                intentry        000004  0006FC  000700         8       0  CODE        2
                fnauto0         000052  00001C  00006E        52       1  BANK0       1
                strings         000700  0000F7  0007F7         E       0  CODE        2
                text146         00090A  00000C  000916      1214       0  CODE        2
                text150         000916  00000D  000923      122C       0  CODE        2
                text151         000923  000012  000935      1246       0  CODE        2
                text149         000935  000026  00095B      126A       0  CODE        2
                text147         00095B  00005B  0009B6      12B6       0  CODE        2
                text143         0009B6  00006F  000A25      136C       0  CODE        2
                text144         000A25  00010B  000B30      144A       0  CODE        2
                text140         000B30  0001CC  000CFC      1660       0  CODE        2
                text142         000CFC  000304  001000      19F8       0  CODE        2
                config          002007  000001  002008      400E       0  CONFIG      2


UNUSED ADDRESS RANGES

        BANK0            0020-003F     1
                         006E-006F
        BANK1            00A0-00BF     1
        BANK2            0110-016F     1
        BANK3            0190-01EF     1
        CODE             0003-0003     2
                         07F7-0909
                         1000-1FFF
        CONST            0006-0007     1
                         0FEE-1213
        EEDATA           2100-21FF     2
        ENTRY            0006-0007     1
                         0FEE-1213
        IDLOC            2000-2003     2
        STRING           0006-0007     1
                         0FEE-1213

                                  Symbol Table

??_LCD_STROBE        fnauto0     0065  ??___awdiv           fnauto0     0064
??___awmod           fnauto0     0064  ??_alarmmenu         fnauto0     0057
??_buzz              fnauto0     0056  ??_drawamenu         fnauto0     0056
??_isr               fnauto0     0069  ??_lcd_clear         fnauto0     0059
??_lcd_goto          fnauto0     0060  ??_lcd_init          fnauto0     0056
??_lcd_putch         fnauto0     0060  ??_lcd_puts          fnauto0     0062
??_lcd_write         fnauto0     0063  ??_main              fnauto0     0052
??_showtime          fnauto0     005D  ?_LCD_STROBE         fnauto0     0065
?___awdiv            fnauto0     0060  ?___awmod            fnauto0     0060
?_alarmmenu          fnauto0     0056  ?_buzz               fnauto0     0056
?_drawamenu          fnauto0     0056  ?_isr                fnauto0     0069
?_lcd_clear          fnauto0     0059  ?_lcd_goto           fnauto0     0060
?_lcd_init           fnauto0     0056  ?_lcd_putch          fnauto0     0060
?_lcd_puts           fnauto0     0060  ?_lcd_write          fnauto0     0063
?_main               fnauto0     0052  ?_showtime           fnauto0     0059
_A1_ON               (abs)       004D  _A2_ON               (abs)       004C
_A3_ON               (abs)       0045  _ACKDT               (abs)       048D
_ACKEN               (abs)       048C  _ACKSTAT             (abs)       048E
_ADCON0              (abs)       001F  _ADCON1              (abs)       009F
_ADCS0               (abs)       00FE  _ADCS1               (abs)       00FF
_ADCS2               (abs)       04FE  _ADDEN               (abs)       00C3
_ADFM                (abs)       04FF  _ADGO                (abs)       00FA
_ADIE                (abs)       0466  _ADIF                (abs)       0066
_ADON                (abs)       00F8  _ADRESH              (abs)       001E
_ADRESL              (abs)       009E  _BCLIE               (abs)       046B
_BCLIF               (abs)       006B  _BF                  (abs)       04A0
_BOR                 (abs)       0470  _BRGH                (abs)       04C2
_C1INV               (abs)       04E4  _C1OUT               (abs)       04E6
_C2INV               (abs)       04E5  _C2OUT               (abs)       04E7
_CARRY               (abs)       0018  _CCP1CON             (abs)       0017
_CCP1IE              (abs)       0462  _CCP1IF              (abs)       0062
_CCP1M0              (abs)       00B8  _CCP1M1              (abs)       00B9
_CCP1M2              (abs)       00BA  _CCP1M3              (abs)       00BB
_CCP1X               (abs)       00BD  _CCP1Y               (abs)       00BC
_CCP2CON             (abs)       001D  _CCP2IE              (abs)       0468
_CCP2IF              (abs)       0068  _CCP2M0              (abs)       00E8
_CCP2M1              (abs)       00E9  _CCP2M2              (abs)       00EA
_CCP2M3              (abs)       00EB  _CCP2X               (abs)       00ED
_CCP2Y               (abs)       00EC  _CCPR1H              (abs)       0016
_CCPR1L              (abs)       0015  _CCPR2H              (abs)       001C
_CCPR2L              (abs)       001B  _CHS0                (abs)       00FB
_CHS1                (abs)       00FC  _CHS2                (abs)       00FD
_CIS                 (abs)       04E3  _CKE                 (abs)       04A6
_CKP                 (abs)       00A4  _CM0                 (abs)       04E0
_CM1                 (abs)       04E1  _CM2                 (abs)       04E2
_CMCON               (abs)       009C  _CMIE                (abs)       046E
_CMIF                (abs)       006E  _CREN                (abs)       00C4
_CSRC                (abs)       04C7  _CVR0                (abs)       04E8
_CVR1                (abs)       04E9  _CVR2                (abs)       04EA
_CVR3                (abs)       04EB  _CVRCON              (abs)       009D
_CVREN               (abs)       04EF  _CVROE               (abs)       04EE
_CVRR                (abs)       04ED  _DA                  (abs)       04A5
_DC                  (abs)       0019  _EEADR               (abs)       010D
_EEADRH              (abs)       010F  _EEADRL              (abs)       010D
_EECON1              (abs)       018C  _EECON2              (abs)       018D
_EEDATA              (abs)       010C  _EEDATH              (abs)       010E
_EEIE                (abs)       046C  _EEIF                (abs)       006C
_EEPGD               (abs)       0C67  _FERR                (abs)       00C2
_FSR                 (abs)       0004  _GCEN                (abs)       048F
_GIE                 (abs)       005F  _GODONE              (abs)       00FA
_IBF                 (abs)       044F  _IBOV                (abs)       044D
_INDF                (abs)       0000  _INTCON              (abs)       000B
_INTE                (abs)       005C  _INTEDG              (abs)       040E
_INTF                (abs)       0059  _IRP                 (abs)       001F
_LCD_STROBE          text152     06F4  _MENU_MODE           (abs)       0072
_OBF                 (abs)       044E  _OERR                (abs)       00C1
_OPTION              (abs)       0081  _PCFG0               (abs)       04F8
_PCFG1               (abs)       04F9  _PCFG2               (abs)       04FA
_PCFG3               (abs)       04FB  _PCL                 (abs)       0002
_PCLATH              (abs)       000A  _PCON                (abs)       008E
_PD                  (abs)       001B  _PEIE                (abs)       005E
_PEN                 (abs)       048A  _PIE1                (abs)       008C
_PIE2                (abs)       008D  _PIR1                (abs)       000C
_PIR2                (abs)       000D  _POR                 (abs)       0471
_PORTA               (abs)       0005  _PORTB               (abs)       0006
_PORTC               (abs)       0007  _PORTD               (abs)       0008
_PORTE               (abs)       0009  _PR2                 (abs)       0092
_PS0                 (abs)       0408  _PS1                 (abs)       0409
_PS2                 (abs)       040A  _PSA                 (abs)       040B
_PSPIE               (abs)       0467  _PSPIF               (abs)       0067
_PSPMODE             (abs)       044C  _RA0                 (abs)       0028
_RA1                 (abs)       0029  _RA2                 (abs)       002A
_RA3                 (abs)       002B  _RA4                 (abs)       002C
_RA5                 (abs)       002D  _RB0                 (abs)       0030
_RB1                 (abs)       0031  _RB2                 (abs)       0032
_RB3                 (abs)       0033  _RB4                 (abs)       0034
_RB5                 (abs)       0035  _RB6                 (abs)       0036
_RB7                 (abs)       0037  _RBIE                (abs)       005B
_RBIF                (abs)       0058  _RBPU                (abs)       040F
_RC0                 (abs)       0038  _RC1                 (abs)       0039
_RC2                 (abs)       003A  _RC3                 (abs)       003B
_RC4                 (abs)       003C  _RC5                 (abs)       003D
_RC6                 (abs)       003E  _RC7                 (abs)       003F
_RCEN                (abs)       048B  _RCIE                (abs)       0465
_RCIF                (abs)       0065  _RCREG               (abs)       001A
_RCSTA               (abs)       0018  _RD                  (abs)       0C60
_RD0                 (abs)       0040  _RD1                 (abs)       0041
_RD2                 (abs)       0042  _RD3                 (abs)       0043
_RD4                 (abs)       0044  _RD5                 (abs)       0045
_RD6                 (abs)       0046  _RD7                 (abs)       0047
_RE0                 (abs)       0048  _RE1                 (abs)       0049
_RE2                 (abs)       004A  _RP0                 (abs)       001D
_RP1                 (abs)       001E  _RSEN                (abs)       0489
_RW                  (abs)       04A2  _RX9                 (abs)       00C6
_RX9D                (abs)       00C0  _SEN                 (abs)       0488
_SMP                 (abs)       04A7  _SPBRG               (abs)       0099
_SPEN                (abs)       00C7  _SREN                (abs)       00C5
_SSPADD              (abs)       0093  _SSPBUF              (abs)       0013
_SSPCON              (abs)       0014  _SSPCON2             (abs)       0091
_SSPEN               (abs)       00A5  _SSPIE               (abs)       0463
_SSPIF               (abs)       0063  _SSPM0               (abs)       00A0
_SSPM1               (abs)       00A1  _SSPM2               (abs)       00A2
_SSPM3               (abs)       00A3  _SSPOV               (abs)       00A6
_SSPSTAT             (abs)       0094  _START               (abs)       04A3
_STATUS              (abs)       0003  _STOP                (abs)       04A4
_SYNC                (abs)       04C4  _T0CS                (abs)       040D
_T0IE                (abs)       005D  _T0IF                (abs)       005A
_T0SE                (abs)       040C  _T1CKPS0             (abs)       0084
_T1CKPS1             (abs)       0085  _T1CON               (abs)       0010
_T1OSCEN             (abs)       0083  _T1SYNC              (abs)       0082
_T2CKPS0             (abs)       0090  _T2CKPS1             (abs)       0091
_T2CON               (abs)       0012  _TMR0                (abs)       0001
_TMR0IE              (abs)       005D  _TMR0IF              (abs)       005A
_TMR1CS              (abs)       0081  _TMR1H               (abs)       000F
_TMR1IE              (abs)       0460  _TMR1IF              (abs)       0060
_TMR1L               (abs)       000E  _TMR1ON              (abs)       0080
_TMR2                (abs)       0011  _TMR2IE              (abs)       0461
_TMR2IF              (abs)       0061  _TMR2ON              (abs)       0092
_TO                  (abs)       001C  _TOUTPS0             (abs)       0093
_TOUTPS1             (abs)       0094  _TOUTPS2             (abs)       0095
_TOUTPS3             (abs)       0096  _TRISA               (abs)       0085
_TRISA0              (abs)       0428  _TRISA1              (abs)       0429
_TRISA2              (abs)       042A  _TRISA3              (abs)       042B
_TRISA4              (abs)       042C  _TRISA5              (abs)       042D
_TRISB               (abs)       0086  _TRISB0              (abs)       0430
_TRISB1              (abs)       0431  _TRISB2              (abs)       0432
_TRISB3              (abs)       0433  _TRISB4              (abs)       0434
_TRISB5              (abs)       0435  _TRISB6              (abs)       0436
_TRISB7              (abs)       0437  _TRISC               (abs)       0087
_TRISC0              (abs)       0438  _TRISC1              (abs)       0439
_TRISC2              (abs)       043A  _TRISC3              (abs)       043B
_TRISC4              (abs)       043C  _TRISC5              (abs)       043D
_TRISC6              (abs)       043E  _TRISC7              (abs)       043F
_TRISD               (abs)       0088  _TRISD0              (abs)       0440
_TRISD1              (abs)       0441  _TRISD2              (abs)       0442
_TRISD3              (abs)       0443  _TRISD4              (abs)       0444
_TRISD5              (abs)       0445  _TRISD6              (abs)       0446
_TRISD7              (abs)       0447  _TRISE               (abs)       0089
_TRISE0              (abs)       0448  _TRISE1              (abs)       0449
_TRISE2              (abs)       044A  _TRMT                (abs)       04C1
_TX9                 (abs)       04C6  _TX9D                (abs)       04C0
_TXEN                (abs)       04C5  _TXIE                (abs)       0464
_TXIF                (abs)       0064  _TXREG               (abs)       0019
_TXSTA               (abs)       0098  _UA                  (abs)       04A1
_WCOL                (abs)       00A7  _WR                  (abs)       0C61
_WREN                (abs)       0C62  _WRERR               (abs)       0C63
_ZERO                (abs)       001A  __Beeprom_data       eeprom_data 2100
__Bnvbit_0           nvbit_0     0FC4  __Bnvbit_1           nvbit_1     00A0
__Bnvbit_2           nvbit_2     0110  __Bnvbit_3           nvbit_3     0190
__Bptbit_0           ptbit_0     0FC4  __Brbit_0            rbit_0      007E
__Brbit_1            rbit_1      00A0  __Brbit_2            rbit_2      0110
__Brbit_3            rbit_3      0190  __Hclrtext           clrtext     0044
__Hcode              code        0FC4  __Hcommon            (abs)       007E
__Hconfig            config      2008  __Heeprom_data       eeprom_data 0000
__Hend_init          end_init    003C  __Hfloat_text0       float_text0 07E2
__Hfloat_text1       float_text1 07E2  __Hfloat_text2       float_text2 07E2
__Hfloat_text3       float_text3 07E2  __Hfloat_text4       float_text4 07E2
__Hfnauto0           fnauto0     006E  __Hfnauto1           fnauto1     00A0
__Hfnauto2           fnauto2     0110  __Hfnauto3           fnauto3     0190
__Hfnautoc           fnautoc     007E  __Hidata             idata       063F
__Hidata_0           idata_0     07E2  __Hidata_1           idata_1     07E2
__Hidata_2           idata_2     07E2  __Hidata_3           idata_3     07E2
__Hidloc             idloc       2000  __Hinit              init        0038
__Hinit23            init23      0038  __Hintcode           intcode     0012
__Hintentry          intentry    0012  __Hintret            intret      0012
__Hintrtext          intrtext    0FC4  __Hintsave           intsave     0FC4
__Hintsave_1         intsave_1   0FC4  __Hintsave_2         intsave_2   0FC4
__Hintsave_3         intsave_3   0FC4  __Hmaintext          maintext    060F
__Hnvbit_0           nvbit_0     7E20  __Hnvbit_1           nvbit_1     0500
__Hnvbit_2           nvbit_2     0880  __Hnvbit_3           nvbit_3     0C80
__Hnvram             nvram       007E  __Hnvram_1           nvram_1     00A0
__Hnvram_2           nvram_2     0110  __Hnvram_3           nvram_3     0190
__Hpowerup           powerup     07E2  __Hpstrings          pstrings    060F
__Hptbit_0           ptbit_0     7E20  __Hramdata           (abs)       00F0
__Hrbit_0            rbit_0      03F0  __Hrbit_1            rbit_1      0500
__Hrbit_2            rbit_2      0880  __Hrbit_3            rbit_3      0C80
__Hrbss_0            (abs)       0052  __Hrbss_1            rbss_1      00A0
__Hrbss_2            rbss_2      0110  __Hrbss_3            rbss_3      0190
__Hrdata_0           rdata_0     007E  __Hrdata_1           (abs)       00F0
__Hrdata_2           rdata_2     0110  __Hrdata_3           rdata_3     0190
__Hreset_vec         reset_vec   0003  __Hstrings           strings     07E2
__Hstruct            struct      007E  __Htemp              temp        007E
__Htext              text        0FC4  __Lclrtext           clrtext     003C
__Lcode              code        0FC4  __Lcommon            (abs)       007D
__Lconfig            config      2007  __Leeprom_data       eeprom_data 0000
__Lend_init          end_init    0038  __Lfloat_text0       float_text0 07E2
__Lfloat_text1       float_text1 07E2  __Lfloat_text2       float_text2 07E2
__Lfloat_text3       float_text3 07E2  __Lfloat_text4       float_text4 07E2
__Lfnauto0           fnauto0     0052  __Lfnauto1           fnauto1     00A0
__Lfnauto2           fnauto2     0110  __Lfnauto3           fnauto3     0190
__Lfnautoc           fnautoc     007E  __Lidata             idata       060F
__Lidata_0           idata_0     07E2  __Lidata_1           idata_1     07E2
__Lidata_2           idata_2     07E2  __Lidata_3           idata_3     07E2
__Lidloc             idloc       2000  __Linit              init        0012
__Linit23            init23      0038  __Lintcode           intcode     0012
__Lintentry          intentry    0004  __Lintret            intret      0012
__Lintrtext          intrtext    0FC4  __Lintsave           intsave     0FC4
__Lintsave_1         intsave_1   0FC4  __Lintsave_2         intsave_2   0FC4
__Lintsave_3         intsave_3   0FC4  __Lmaintext          maintext    0044
__Lnvbit_0           nvbit_0     7E20  __Lnvbit_1           nvbit_1     0500
__Lnvbit_2           nvbit_2     0880  __Lnvbit_3           nvbit_3     0C80
__Lnvram             nvram       007E  __Lnvram_1           nvram_1     00A0
__Lnvram_2           nvram_2     0110  __Lnvram_3           nvram_3     0190
__Lpowerup           powerup     07E2  __Lpstrings          pstrings    060F
__Lptbit_0           ptbit_0     7E20  __Lramdata           (abs)       00C0
__Lrbit_0            rbit_0      03F0  __Lrbit_1            rbit_1      0500
__Lrbit_2            rbit_2      0880  __Lrbit_3            rbit_3      0C80
__Lrbss_0            (abs)       0040  __Lrbss_1            rbss_1      00A0
__Lrbss_2            rbss_2      0110  __Lrbss_3            rbss_3      0190
__Lrdata_0           rdata_0     007E  __Lrdata_1           (abs)       00C0
__Lrdata_2           rdata_2     0110  __Lrdata_3           rdata_3     0190
__Lreset_vec         reset_vec   0000  __Lstrings           strings     0700
__Lstruct            struct      007E  __Ltemp              temp        007E
__Ltext              text        0FC4  __S0                 (abs)       2008
__S1                 (abs)       0190  __S2                 (abs)       2100
___awdiv             text148     063F  ___awdiv_counter     fnauto0     0064
___awdiv_dividend    fnauto0     0060  ___awdiv_divisor     fnauto0     0062
___awdiv_quotient    fnauto0     0066  ___awdiv_sign        fnauto0     0065
___awmod             text147     095B  ___awmod_counter     fnauto0     0065
___awmod_dividend    fnauto0     0060  ___awmod_divisor     fnauto0     0062
___awmod_sign        fnauto0     0064  __databank           (abs)       0001
__end_of_LCD_STROBE  text153     07F7  __end_of___awdiv     text149     0935
__end_of___awmod     text148     063F  __end_of_alarmmenu   text141     06DF
__end_of_buzz        text142     0CFC  __end_of_drawamenu   text143     09B6
__end_of_isr         intrtext    06DF  __end_of_lcd_clear   text146     090A
__end_of_lcd_goto    text151     0923  __end_of_lcd_init    text144     0A25
__end_of_lcd_putch   text147     095B  __end_of_lcd_puts    text150     0916
__end_of_lcd_write   text152     06F4  __end_of_main        maintext    060F
__end_of_showtime    text145     07E2  __stringbase         strings     070E
__tempreg            (abs)       0052  _a1_ampm             (abs)       03E8
_a1_duration         (abs)       0048  _a1_hours            (abs)       0041
_a1_minutes          (abs)       0040  _a2_ampm             (abs)       03E9
_a2_duration         (abs)       0046  _a2_hours            (abs)       0042
_a2_minutes          (abs)       0044  _a3_ampm             (abs)       03EA
_a3_duration         (abs)       004A  _a3_hours            (abs)       0043
_a3_minutes          (abs)       004E  _alarmmenu           text140     0B30
_alarmmenu_a_ampm    fnauto0     0058  _alarmmenu_a_dur     fnauto0     005B
_alarmmenu_a_hr      fnauto0     005A  _alarmmenu_a_min     fnauto0     005C
_alarmmenu_a_on      fnauto0     0059  _alarmmenu_akey      fnauto0     0056
_alarmmenu_stat      fnauto0     0057  _alflag              (abs)       0078
_ampm                (abs)       03EB  _buz                 (abs)       0398
_buzz                text141     06DF  _buzz_tone           fnauto0     0056
_cursorpos           (abs)       007C  _drawamenu           text142     0CFC
_drawamenu_stat      fnauto0     0056  _duration            (abs)       0077
_exit                init        0012  _hours               (abs)       0079
_isr                 intrtext    06B3  _key                 (abs)       007B
_lcd_change          (abs)       0399  _lcd_clear           text145     07E2
_lcd_goto            text150     0916  _lcd_goto_pos        fnauto0     0060
_lcd_init            text143     09B6  _lcd_init_init_value fnauto0     0056
_lcd_putch           text146     090A  _lcd_putch_c         fnauto0     0060
_lcd_puts            text149     0935  _lcd_puts_s          fnauto0     0060
_lcd_write           text151     0923  _lcd_write_c         fnauto0     0063
_main                maintext    0044  _main_newchars       (abs)       00C0
_mcurpos             (abs)       007A  _mincntr             (abs)       0076
_minutes             (abs)       0050  _mkey                (abs)       0070
_mmkey               (abs)       0071  _newSecond           (abs)       004F
_seconds             (abs)       0051  _showtime            text144     0A25
_showtime_aampm      fnauto0     005B  _showtime_ahours     fnauto0     005D
_showtime_aminutes   fnauto0     0059  _showtime_aseconds   fnauto0     005A
_showtime_set        fnauto0     005C  _tickCounter         (abs)       0075
_tset                (abs)       0074  btemp                (abs)       007E
clear_ram            clrtext     003C  interrupt_function   intentry    0004
intlevel0            intentry    0004  intlevel1            intentry    0004
intlevel2            intentry    0004  intlevel3            intentry    0004
intlevel4            intentry    0004  intlevel5            intentry    0004
ltemp0               (abs)       007E  reset_vec            reset_vec   0000
saved_w              (abs)       007F  start                init        0012
stringdir            strings     0709  stringjmp            strings     070D
stringtab            strings     0700  ttemp0               (abs)       007E
wtemp0               (abs)       007E  wtemp1               (abs)       0080
